#-----------------------------------------------------------
# Vivado v2020.2 (64-bit)
# SW Build 3064766 on Wed Nov 18 09:12:45 MST 2020
# IP Build 3064653 on Wed Nov 18 14:17:31 MST 2020
# Start of session at: Fri Jan 15 16:44:48 2021
# Process ID: 1572
# Current directory: E:/hdmi_fpga/hdmi
# Command line: vivado.exe -gui_launcher_event rodinguilauncherevent20108 E:\hdmi_fpga\hdmi\hdmi.xpr
# Log file: E:/hdmi_fpga/hdmi/vivado.log
# Journal file: E:/hdmi_fpga/hdmi\vivado.jou
#-----------------------------------------------------------
start_gui
open_project E:/hdmi_fpga/hdmi/hdmi.xpr
update_compile_order -fileset sources_1
launch_simulation
open_wave_config E:/hdmi_fpga/hdmi/tb_vtc_behav.wcfg
source tb_vtc.tcl
current_wave_config {tb_vtc_behav.wcfg}
add_wave {{/tb_vtc/vtc_inst}} 
restart
run 1 ms
save_wave_config {E:/hdmi_fpga/hdmi/tb_vtc_behav.wcfg}
current_wave_config {tb_vtc_behav.wcfg}
add_wave {{/tb_vtc/instance_name}} 
restart
run 1 ms
save_wave_config {E:/hdmi_fpga/hdmi/tb_vtc_behav.wcfg}
close_sim
